============================= test session starts =============================
platform win32 -- Python 3.11.5, pytest-9.0.2, pluggy-1.6.0
rootdir: C:\Users\91630\Downloads\A-Chi
configfile: pyproject.toml
plugins: anyio-4.13.0
collected 2 items

tests\test_environment.py EE                                             [100%]

=================================== ERRORS ====================================
__________________ ERROR at setup of test_three_tasks_exist ___________________

name = '__init__', package = None

    def import_module(name, package=None):
        """Import a module.
    
        The 'package' argument is required when performing a relative import. It
        specifies the package to use as the anchor point from which to resolve the
        relative import to an absolute import.
    
        """
        level = 0
        if name.startswith('.'):
            if not package:
                msg = ("the 'package' argument is required to perform a relative "
                       "import for {!r}")
                raise TypeError(msg.format(name))
            for character in name:
                if character != '.':
                    break
                level += 1
>       return _bootstrap._gcd_import(name[level:], package, level)
               ^^^^^^^^^^^^^^^^^^^^^^^^^^^^^^^^^^^^^^^^^^^^^^^^^^^^

..\..\AppData\Local\Programs\Python\Python311\Lib\importlib\__init__.py:126: 
_ _ _ _ _ _ _ _ _ _ _ _ _ _ _ _ _ _ _ _ _ _ _ _ _ _ _ _ _ _ _ _ _ _ _ _ _ _ _ _

>   from .models import SupportAction, SupportObservation, SupportReward, SupportState, StepResult
E   ImportError: attempted relative import with no known parent package

__init__.py:1: ImportError

The above exception was the direct cause of the following exception:

cls = <class '_pytest.runner.CallInfo'>
func = <function call_and_report.<locals>.<lambda> at 0x000001FB888B1800>
when = 'setup'
reraise = (<class '_pytest.outcomes.Exit'>, <class 'KeyboardInterrupt'>)

    @classmethod
    def from_call(
        cls,
        func: Callable[[], TResult],
        when: Literal["collect", "setup", "call", "teardown"],
        reraise: type[BaseException] | tuple[type[BaseException], ...] | None = None,
    ) -> CallInfo[TResult]:
        """Call func, wrapping the result in a CallInfo.
    
        :param func:
            The function to call. Called without arguments.
        :type func: Callable[[], _pytest.runner.TResult]
        :param when:
            The phase in which the function is called.
        :param reraise:
            Exception or exceptions that shall propagate if raised by the
            function, instead of being wrapped in the CallInfo.
        """
        excinfo = None
        instant = timing.Instant()
        try:
>           result: TResult | None = func()
                                     ^^^^^^

venv\Lib\site-packages\_pytest\runner.py:353: 
_ _ _ _ _ _ _ _ _ _ _ _ _ _ _ _ _ _ _ _ _ _ _ _ _ _ _ _ _ _ _ _ _ _ _ _ _ _ _ _
venv\Lib\site-packages\_pytest\runner.py:245: in <lambda>
    lambda: runtest_hook(item=item, **kwds),
            ^^^^^^^^^^^^^^^^^^^^^^^^^^^^^^^
venv\Lib\site-packages\pluggy\_hooks.py:512: in __call__
    return self._hookexec(self.name, self._hookimpls.copy(), kwargs, firstresult)
           ^^^^^^^^^^^^^^^^^^^^^^^^^^^^^^^^^^^^^^^^^^^^^^^^^^^^^^^^^^^^^^^^^^^^^^
venv\Lib\site-packages\pluggy\_manager.py:120: in _hookexec
    return self._inner_hookexec(hook_name, methods, kwargs, firstresult)
           ^^^^^^^^^^^^^^^^^^^^^^^^^^^^^^^^^^^^^^^^^^^^^^^^^^^^^^^^^^^^^
venv\Lib\site-packages\_pytest\logging.py:843: in pytest_runtest_setup
    yield
venv\Lib\site-packages\_pytest\capture.py:895: in pytest_runtest_setup
    return (yield)
            ^^^^^
venv\Lib\site-packages\_pytest\runner.py:165: in pytest_runtest_setup
    item.session._setupstate.setup(item)
venv\Lib\site-packages\_pytest\runner.py:523: in setup
    col.setup()
venv\Lib\site-packages\_pytest\python.py:677: in setup
    init_mod = importtestmodule(self.path / "__init__.py", self.config)
               ^^^^^^^^^^^^^^^^^^^^^^^^^^^^^^^^^^^^^^^^^^^^^^^^^^^^^^^^
_ _ _ _ _ _ _ _ _ _ _ _ _ _ _ _ _ _ _ _ _ _ _ _ _ _ _ _ _ _ _ _ _ _ _ _ _ _ _ _

path = WindowsPath('C:/Users/91630/Downloads/A-Chi/__init__.py')
config = <_pytest.config.Config object at 0x000001FB86C0D690>

    def importtestmodule(
        path: Path,
        config: Config,
    ):
        # We assume we are only called once per module.
        importmode = config.getoption("--import-mode")
        try:
            mod = import_path(
                path,
                mode=importmode,
                root=config.rootpath,
                consider_namespace_packages=config.getini("consider_namespace_packages"),
            )
        except SyntaxError as e:
            raise nodes.Collector.CollectError(
                ExceptionInfo.from_current().getrepr(style="short")
            ) from e
        except ImportPathMismatchError as e:
            raise nodes.Collector.CollectError(
                "import file mismatch:\n"
                "imported module {!r} has this __file__ attribute:\n"
                "  {}\n"
                "which is not the same as the test file we want to collect:\n"
                "  {}\n"
                "HINT: remove __pycache__ / .pyc files and/or use a "
                "unique basename for your test file modules".format(*e.args)
            ) from e
        except ImportError as e:
            exc_info = ExceptionInfo.from_current()
            if config.get_verbosity() < 2:
                exc_info.traceback = exc_info.traceback.filter(filter_traceback)
            exc_repr = (
                exc_info.getrepr(style="short")
                if exc_info.traceback
                else exc_info.exconly()
            )
            formatted_tb = str(exc_repr)
>           raise nodes.Collector.CollectError(
                f"ImportError while importing test module '{path}'.\n"
                "Hint: make sure your test modules/packages have valid Python names.\n"
                "Traceback:\n"
                f"{formatted_tb}"
            ) from e
E           _pytest.nodes.Collector.CollectError: ImportError while importing test module 'C:\Users\91630\Downloads\A-Chi\__init__.py'.
E           Hint: make sure your test modules/packages have valid Python names.
E           Traceback:
E           ..\..\AppData\Local\Programs\Python\Python311\Lib\importlib\__init__.py:126: in import_module
E               return _bootstrap._gcd_import(name[level:], package, level)
E                      ^^^^^^^^^^^^^^^^^^^^^^^^^^^^^^^^^^^^^^^^^^^^^^^^^^^^
E           __init__.py:1: in <module>
E               from .models import SupportAction, SupportObservation, SupportReward, SupportState, StepResult
E           E   ImportError: attempted relative import with no known parent package

venv\Lib\site-packages\_pytest\python.py:537: CollectError
________________ ERROR at setup of test_reset_and_step_bounds _________________

name = '__init__', package = None

    def import_module(name, package=None):
        """Import a module.
    
        The 'package' argument is required when performing a relative import. It
        specifies the package to use as the anchor point from which to resolve the
        relative import to an absolute import.
    
        """
        level = 0
        if name.startswith('.'):
            if not package:
                msg = ("the 'package' argument is required to perform a relative "
                       "import for {!r}")
                raise TypeError(msg.format(name))
            for character in name:
                if character != '.':
                    break
                level += 1
>       return _bootstrap._gcd_import(name[level:], package, level)
               ^^^^^^^^^^^^^^^^^^^^^^^^^^^^^^^^^^^^^^^^^^^^^^^^^^^^

..\..\AppData\Local\Programs\Python\Python311\Lib\importlib\__init__.py:126: 
_ _ _ _ _ _ _ _ _ _ _ _ _ _ _ _ _ _ _ _ _ _ _ _ _ _ _ _ _ _ _ _ _ _ _ _ _ _ _ _

>   from .models import SupportAction, SupportObservation, SupportReward, SupportState, StepResult
E   ImportError: attempted relative import with no known parent package

__init__.py:1: ImportError

The above exception was the direct cause of the following exception:

cls = <class '_pytest.runner.CallInfo'>
func = <function call_and_report.<locals>.<lambda> at 0x000001FB89447C40>
when = 'setup'
reraise = (<class '_pytest.outcomes.Exit'>, <class 'KeyboardInterrupt'>)

    @classmethod
    def from_call(
        cls,
        func: Callable[[], TResult],
        when: Literal["collect", "setup", "call", "teardown"],
        reraise: type[BaseException] | tuple[type[BaseException], ...] | None = None,
    ) -> CallInfo[TResult]:
        """Call func, wrapping the result in a CallInfo.
    
        :param func:
            The function to call. Called without arguments.
        :type func: Callable[[], _pytest.runner.TResult]
        :param when:
            The phase in which the function is called.
        :param reraise:
            Exception or exceptions that shall propagate if raised by the
            function, instead of being wrapped in the CallInfo.
        """
        excinfo = None
        instant = timing.Instant()
        try:
>           result: TResult | None = func()
                                     ^^^^^^

venv\Lib\site-packages\_pytest\runner.py:353: 
_ _ _ _ _ _ _ _ _ _ _ _ _ _ _ _ _ _ _ _ _ _ _ _ _ _ _ _ _ _ _ _ _ _ _ _ _ _ _ _
venv\Lib\site-packages\_pytest\runner.py:245: in <lambda>
    lambda: runtest_hook(item=item, **kwds),
            ^^^^^^^^^^^^^^^^^^^^^^^^^^^^^^^
venv\Lib\site-packages\pluggy\_hooks.py:512: in __call__
    return self._hookexec(self.name, self._hookimpls.copy(), kwargs, firstresult)
           ^^^^^^^^^^^^^^^^^^^^^^^^^^^^^^^^^^^^^^^^^^^^^^^^^^^^^^^^^^^^^^^^^^^^^^
venv\Lib\site-packages\pluggy\_manager.py:120: in _hookexec
    return self._inner_hookexec(hook_name, methods, kwargs, firstresult)
           ^^^^^^^^^^^^^^^^^^^^^^^^^^^^^^^^^^^^^^^^^^^^^^^^^^^^^^^^^^^^^
venv\Lib\site-packages\_pytest\logging.py:843: in pytest_runtest_setup
    yield
venv\Lib\site-packages\_pytest\capture.py:895: in pytest_runtest_setup
    return (yield)
            ^^^^^
venv\Lib\site-packages\_pytest\runner.py:165: in pytest_runtest_setup
    item.session._setupstate.setup(item)
venv\Lib\site-packages\_pytest\runner.py:516: in setup
    raise exc[0].with_traceback(exc[1])
venv\Lib\site-packages\_pytest\runner.py:523: in setup
    col.setup()
venv\Lib\site-packages\_pytest\python.py:677: in setup
    init_mod = importtestmodule(self.path / "__init__.py", self.config)
               ^^^^^^^^^^^^^^^^^^^^^^^^^^^^^^^^^^^^^^^^^^^^^^^^^^^^^^^^
_ _ _ _ _ _ _ _ _ _ _ _ _ _ _ _ _ _ _ _ _ _ _ _ _ _ _ _ _ _ _ _ _ _ _ _ _ _ _ _

path = WindowsPath('C:/Users/91630/Downloads/A-Chi/__init__.py')
config = <_pytest.config.Config object at 0x000001FB86C0D690>

    def importtestmodule(
        path: Path,
        config: Config,
    ):
        # We assume we are only called once per module.
        importmode = config.getoption("--import-mode")
        try:
            mod = import_path(
                path,
                mode=importmode,
                root=config.rootpath,
                consider_namespace_packages=config.getini("consider_namespace_packages"),
            )
        except SyntaxError as e:
            raise nodes.Collector.CollectError(
                ExceptionInfo.from_current().getrepr(style="short")
            ) from e
        except ImportPathMismatchError as e:
            raise nodes.Collector.CollectError(
                "import file mismatch:\n"
                "imported module {!r} has this __file__ attribute:\n"
                "  {}\n"
                "which is not the same as the test file we want to collect:\n"
                "  {}\n"
                "HINT: remove __pycache__ / .pyc files and/or use a "
                "unique basename for your test file modules".format(*e.args)
            ) from e
        except ImportError as e:
            exc_info = ExceptionInfo.from_current()
            if config.get_verbosity() < 2:
                exc_info.traceback = exc_info.traceback.filter(filter_traceback)
            exc_repr = (
                exc_info.getrepr(style="short")
                if exc_info.traceback
                else exc_info.exconly()
            )
            formatted_tb = str(exc_repr)
>           raise nodes.Collector.CollectError(
                f"ImportError while importing test module '{path}'.\n"
                "Hint: make sure your test modules/packages have valid Python names.\n"
                "Traceback:\n"
                f"{formatted_tb}"
            ) from e
E           _pytest.nodes.Collector.CollectError: ImportError while importing test module 'C:\Users\91630\Downloads\A-Chi\__init__.py'.
E           Hint: make sure your test modules/packages have valid Python names.
E           Traceback:
E           ..\..\AppData\Local\Programs\Python\Python311\Lib\importlib\__init__.py:126: in import_module
E               return _bootstrap._gcd_import(name[level:], package, level)
E                      ^^^^^^^^^^^^^^^^^^^^^^^^^^^^^^^^^^^^^^^^^^^^^^^^^^^^
E           __init__.py:1: in <module>
E               from .models import SupportAction, SupportObservation, SupportReward, SupportState, StepResult
E           E   ImportError: attempted relative import with no known parent package

venv\Lib\site-packages\_pytest\python.py:537: CollectError
=========================== short test summary info ===========================
ERROR tests/test_environment.py::test_three_tasks_exist - _pytest.nodes.Colle...
ERROR tests/test_environment.py::test_reset_and_step_bounds - _pytest.nodes.C...
============================== 2 errors in 0.97s ==============================
